// Jest Snapshot v1, https://goo.gl/fbAQLP

exports[`CardsContainer should have array of objects as props 1`] = `
ShallowWrapper {
  "length": 1,
  Symbol(enzyme.__root__): [Circular],
  Symbol(enzyme.__unrendered__): <CardsContainer
    districts={
        Object {
            "stats": Object {
              "COLORADO": Object {
                "location": "COLORADO",
                "stats": Object {
                  "2017": 0,
                },
              },
              "DENVER": Object {
                "location": "DENVER",
                "stats": Object {
                  "2017": 0,
                },
              },
            },
          }
    }
/>,
  Symbol(enzyme.__renderer__): Object {
    "batchedUpdates": [Function],
    "getNode": [Function],
    "render": [Function],
    "simulateEvent": [Function],
    "unmount": [Function],
  },
  Symbol(enzyme.__node__): Object {
    "instance": null,
    "key": undefined,
    "nodeType": "host",
    "props": Object {
      "children": Array [
        Array [
          null,
          null,
        ],
        "}",
      ],
      "className": "CardsContainer",
    },
    "ref": null,
    "rendered": Array [
      null,
      null,
      "}",
    ],
    "type": "div",
  },
  Symbol(enzyme.__nodes__): Array [
    Object {
      "instance": null,
      "key": undefined,
      "nodeType": "host",
      "props": Object {
        "children": Array [
          Array [
            null,
            null,
          ],
          "}",
        ],
        "className": "CardsContainer",
      },
      "ref": null,
      "rendered": Array [
        null,
        null,
        "}",
      ],
      "type": "div",
    },
  ],
  Symbol(enzyme.__options__): Object {
    "adapter": ReactSixteenAdapter {
      "options": Object {
        "enableComponentDidUpdateOnSetState": true,
      },
    },
  },
}
`;
