// Jest Snapshot v1, https://goo.gl/fbAQLP

exports[`ComparisonCard Should match the snapshot 1`] = `
ShallowWrapper {
  "length": 1,
  Symbol(enzyme.__root__): [Circular],
  Symbol(enzyme.__unrendered__): <ComparisonCard
    comparedAverage={
        Object {
            "COLORADO": 0.34,
            "COLORADO SPRINGS": 0.45,
            "compared": 0.75,
          }
    }
/>,
  Symbol(enzyme.__renderer__): Object {
    "batchedUpdates": [Function],
    "getNode": [Function],
    "render": [Function],
    "simulateEvent": [Function],
    "unmount": [Function],
  },
  Symbol(enzyme.__node__): Object {
    "instance": null,
    "key": undefined,
    "nodeType": "host",
    "props": Object {
      "children": Array [
        <h2>
          COLORADO
</h2>,
        <h4>
          0.34
</h4>,
        <h3>
          Compared Averages: 
          0.75
</h3>,
        <h2>
          COLORADO SPRINGS
</h2>,
        <h4>
          0.45
</h4>,
      ],
    },
    "ref": null,
    "rendered": Array [
      Object {
        "instance": null,
        "key": undefined,
        "nodeType": "host",
        "props": Object {
          "children": "COLORADO",
        },
        "ref": null,
        "rendered": "COLORADO",
        "type": "h2",
      },
      Object {
        "instance": null,
        "key": undefined,
        "nodeType": "host",
        "props": Object {
          "children": 0.34,
        },
        "ref": null,
        "rendered": 0.34,
        "type": "h4",
      },
      Object {
        "instance": null,
        "key": undefined,
        "nodeType": "host",
        "props": Object {
          "children": Array [
            "Compared Averages: ",
            0.75,
          ],
        },
        "ref": null,
        "rendered": Array [
          "Compared Averages: ",
          0.75,
        ],
        "type": "h3",
      },
      Object {
        "instance": null,
        "key": undefined,
        "nodeType": "host",
        "props": Object {
          "children": "COLORADO SPRINGS",
        },
        "ref": null,
        "rendered": "COLORADO SPRINGS",
        "type": "h2",
      },
      Object {
        "instance": null,
        "key": undefined,
        "nodeType": "host",
        "props": Object {
          "children": 0.45,
        },
        "ref": null,
        "rendered": 0.45,
        "type": "h4",
      },
    ],
    "type": "article",
  },
  Symbol(enzyme.__nodes__): Array [
    Object {
      "instance": null,
      "key": undefined,
      "nodeType": "host",
      "props": Object {
        "children": Array [
          <h2>
            COLORADO
</h2>,
          <h4>
            0.34
</h4>,
          <h3>
            Compared Averages: 
            0.75
</h3>,
          <h2>
            COLORADO SPRINGS
</h2>,
          <h4>
            0.45
</h4>,
        ],
      },
      "ref": null,
      "rendered": Array [
        Object {
          "instance": null,
          "key": undefined,
          "nodeType": "host",
          "props": Object {
            "children": "COLORADO",
          },
          "ref": null,
          "rendered": "COLORADO",
          "type": "h2",
        },
        Object {
          "instance": null,
          "key": undefined,
          "nodeType": "host",
          "props": Object {
            "children": 0.34,
          },
          "ref": null,
          "rendered": 0.34,
          "type": "h4",
        },
        Object {
          "instance": null,
          "key": undefined,
          "nodeType": "host",
          "props": Object {
            "children": Array [
              "Compared Averages: ",
              0.75,
            ],
          },
          "ref": null,
          "rendered": Array [
            "Compared Averages: ",
            0.75,
          ],
          "type": "h3",
        },
        Object {
          "instance": null,
          "key": undefined,
          "nodeType": "host",
          "props": Object {
            "children": "COLORADO SPRINGS",
          },
          "ref": null,
          "rendered": "COLORADO SPRINGS",
          "type": "h2",
        },
        Object {
          "instance": null,
          "key": undefined,
          "nodeType": "host",
          "props": Object {
            "children": 0.45,
          },
          "ref": null,
          "rendered": 0.45,
          "type": "h4",
        },
      ],
      "type": "article",
    },
  ],
  Symbol(enzyme.__options__): Object {
    "adapter": ReactSixteenAdapter {
      "options": Object {
        "enableComponentDidUpdateOnSetState": true,
      },
    },
  },
}
`;
